Go getting
Building goroots
Compiling
compiling: etcd_pkg_001 (LLGo)

compiling: etcd_pkg_002 (LLGo)

compiling: etcd_pkg_003 (LLGo)

compiling: etcd_pkg_004 (LLGo)

compiling: etcd_pkg_005 (LLGo)

compiling: etcd_pkg_006 (LLGo)

compiling: etcd_pkg_007 (LLGo)

compiling: etcd_pkg_008 (LLGo)

compiling: etcd_pkg_009 (LLGo)

compiling: etcd_pkg_010 (LLGo)

compiling: etcd_pkg_011 (LLGo)

compiling: etcd_pkg_012 (LLGo)

compiling: etcd_pkg_013 (LLGo)

compiling: etcd_pkg_014 (LLGo)

compiling: etcd_pkg_015 (LLGo)

compiling: etcd_client_pkg_001 (LLGo)

compiling: etcd_client_pkg_002 (LLGo)

compiling: etcd_client_pkg_003 (LLGo)

compiling: etcd_client_pkg_004 (LLGo)

compiling: etcd_client_pkg_005 (LLGo)

compiling: etcd_client_pkg_006 (LLGo)

compiling: etcd_client_pkg_007 (LLGo)

compiling: etcd_client_pkg_008 (LLGo)

compiling: etcd_api_001 (LLGo)

compiling: etcd_api_002 (LLGo)

compiling: etcd_api_003 (LLGo)

compiling: protobuf_001 (LLGo)

compiling: protobuf_002 (LLGo)

compiling: protobuf_003 (LLGo)

compiling: protobuf_004 (LLGo)

compiling: protobuf_005 (LLGo)

compiling: protobuf_006 (LLGo)

compiling: protobuf_007 (LLGo)

compiling: protobuf_008 (LLGo)

compiling: protobuf_009 (LLGo)

compiling: protobuf_010 (LLGo)

compiling: protobuf_011 (LLGo)

compiling: protobuf_012 (LLGo)

compiling: protobuf_013 (LLGo)

compiling: protobuf_014 (LLGo)

compiling: protobuf_015 (LLGo)

compiling: protobuf_016 (LLGo)

compiling: protobuf_017 (LLGo)

compiling: protobuf_018 (LLGo)

compiling: protobuf_019 (LLGo)

compiling: protobuf_020 (LLGo)

compiling: protobuf_021 (LLGo)

compiling: protobuf_022 (LLGo)

compiling: protobuf_023 (LLGo)

compiling: protobuf_024 (LLGo)

compiling: protobuf_025 (LLGo)

compiling: protobuf_026 (LLGo)

compiling: protobuf_027 (LLGo)

compiling: protobuf_028 (LLGo)

compiling: protobuf_029 (LLGo)

compiling: protobuf_030 (LLGo)

compiling: protobuf_031 (LLGo)

compiling: protobuf_032 (LLGo)

compiling: protobuf_033 (LLGo)

compiling: protobuf_034 (LLGo)

compiling: protobuf_035 (LLGo)

compiling: gonum_001 (LLGo)

compiling: gonum_002 (LLGo)

compiling: gonum_003 (LLGo)

compiling: gonum_004 (LLGo)

compiling: gonum_005 (LLGo)

compiling: gonum_006 (LLGo)

compiling: gonum_007 (LLGo)

compiling: gonum_008 (LLGo)

compiling: gonum_009 (LLGo)

compiling: gonum_010 (LLGo)

compiling: gonum_011 (LLGo)

compiling: gonum_012 (LLGo)

compiling: gonum_013 (LLGo)

compiling: gonum_014 (LLGo)

compiling: gonum_015 (LLGo)

compiling: gonum_016 (LLGo)

compiling: gonum_017 (LLGo)

compiling: gonum_018 (LLGo)

compiling: gonum_019 (LLGo)

compiling: gonum_020 (LLGo)

compiling: gonum_021 (LLGo)

compiling: gonum_022 (LLGo)

compiling: gonum_023 (LLGo)

compiling: gonum_024 (LLGo)

compiling: gonum_025 (LLGo)

compiling: gonum_026 (LLGo)

compiling: gonum_027 (LLGo)

compiling: gonum_028 (LLGo)

compiling: gonum_029 (LLGo)

compiling: gonum_030 (LLGo)

compiling: gonum_031 (LLGo)

compiling: gonum_032 (LLGo)

compiling: gonum_033 (LLGo)

compiling: gonum_034 (LLGo)

compiling: gonum_035 (LLGo)

compiling: gonum_036 (LLGo)

compiling: gonum_037 (LLGo)

compiling: gonum_038 (LLGo)

compiling: gonum_039 (LLGo)

compiling: gonum_040 (LLGo)

compiling: gonum_041 (LLGo)

compiling: gonum_042 (LLGo)

compiling: gonum_043 (LLGo)

compiling: gonum_044 (LLGo)

compiling: gonum_045 (LLGo)

compiling: gonum_046 (LLGo)

compiling: gonum_047 (LLGo)

compiling: gonum_048 (LLGo)

compiling: gonum_049 (LLGo)

compiling: gonum_050 (LLGo)

compiling: client_go_001 (LLGo)
There was an error running "/home/runner/work/benchmarks/benchmarks/.ci/llgo/llgo test", output = list sfiles: go list -json github.com/modern-go/reflect2 failed: exit status 1
go: updates to go.mod needed; to update it:
	go mod tidy
DISABLING benchmark client_go_001

compiling: client_go_002 (LLGo)

compiling: client_go_003 (LLGo)

compiling: client_go_004 (LLGo)

compiling: client_go_005 (LLGo)

compiling: client_go_006 (LLGo)

compiling: client_go_007 (LLGo)

compiling: client_go_008 (LLGo)

compiling: client_go_009 (LLGo)

compiling: client_go_010 (LLGo)

compiling: client_go_011 (LLGo)

compiling: client_go_012 (LLGo)

compiling: client_go_013 (LLGo)

compiling: client_go_014 (LLGo)

compiling: client_go_015 (LLGo)

compiling: client_go_016 (LLGo)

compiling: client_go_017 (LLGo)

compiling: client_go_018 (LLGo)

compiling: client_go_019 (LLGo)

compiling: client_go_020 (LLGo)

compiling: client_go_021 (LLGo)

compiling: client_go_022 (LLGo)

compiling: client_go_023 (LLGo)

compiling: client_go_024 (LLGo)

compiling: client_go_025 (LLGo)

compiling: client_go_026 (LLGo)

compiling: client_go_027 (LLGo)

compiling: client_go_028 (LLGo)

compiling: client_go_029 (LLGo)

compiling: client_go_030 (LLGo)

compiling: client_go_031 (LLGo)

compiling: client_go_032 (LLGo)

compiling: client_go_033 (LLGo)

compiling: client_go_034 (LLGo)

compiling: client_go_035 (LLGo)

compiling: client_go_036 (LLGo)

compiling: client_go_037 (LLGo)

compiling: client_go_038 (LLGo)

compiling: client_go_039 (LLGo)

compiling: client_go_040 (LLGo)

compiling: zap_001 (LLGo)

compiling: zap_002 (LLGo)

compiling: zap_003 (LLGo)

compiling: zap_004 (LLGo)

compiling: zap_005 (LLGo)

compiling: zap_006 (LLGo)

compiling: zap_007 (LLGo)

compiling: zap_008 (LLGo)

compiling: zap_009 (LLGo)

compiling: zap_010 (LLGo)

compiling: zap_011 (LLGo)

compiling: gorm_001 (LLGo)

compiling: gorm_002 (LLGo)

compiling: gorm_003 (LLGo)

compiling: gorm_004 (LLGo)

compiling: gorm_005 (LLGo)

compiling: workiva_001 (LLGo)

compiling: workiva_002 (LLGo)

compiling: workiva_003 (LLGo)

compiling: workiva_004 (LLGo)

compiling: workiva_005 (LLGo)

compiling: workiva_006 (LLGo)

compiling: workiva_007 (LLGo)

compiling: workiva_008 (LLGo)

compiling: workiva_009 (LLGo)

compiling: workiva_010 (LLGo)

compiling: workiva_011 (LLGo)

compiling: workiva_012 (LLGo)

compiling: workiva_013 (LLGo)

compiling: workiva_014 (LLGo)

compiling: workiva_015 (LLGo)

compiling: workiva_016 (LLGo)

compiling: workiva_017 (LLGo)

compiling: workiva_018 (LLGo)

compiling: workiva_019 (LLGo)

compiling: workiva_020 (LLGo)

compiling: workiva_021 (LLGo)

compiling: workiva_022 (LLGo)

compiling: workiva_023 (LLGo)

compiling: workiva_024 (LLGo)

compiling: workiva_025 (LLGo)

compiling: workiva_026 (LLGo)

compiling: workiva_027 (LLGo)

compiling: workiva_028 (LLGo)

compiling: toml_001 (LLGo)

compiling: semver_001 (LLGo)

compiling: bitset_001 (LLGo)

compiling: humanize_001 (LLGo)

compiling: uuid_001 (LLGo)

.......................................................................................................................................................................................................

shortname: workiva_016
toolchain: LLGo

shortname: gonum_041
toolchain: LLGo

shortname: workiva_008
toolchain: LLGo

shortname: workiva_009
toolchain: LLGo

shortname: workiva_006
toolchain: LLGo

shortname: client_go_017
toolchain: LLGo

shortname: gonum_046
toolchain: LLGo

shortname: etcd_pkg_005
toolchain: LLGo

shortname: zap_009
toolchain: LLGo

shortname: protobuf_028
toolchain: LLGo
Error running '(cd /home/runner/work/benchmarks/benchmarks/.ci/bent-compatibility/build/protobuf_028; BENT_QUIET_RUN_OUTPUT=1 LLGO_BIN=/home/runner/work/benchmarks/benchmarks/.ci/llgo/llgo GOROOT_1_25_X64=/opt/hostedtoolcache/go/1.25.12/x64 LLGO_COMMIT=cf91afb98fca979c5195751554b67ec75f8c71d6 GO_VERSION=1.26.2 LLGO_TAG=v1.0.0-pre.3 'LLGO_COMPATIBILITY_CPU=AMD EPYC 7763 64-Core Processor' LLGO_REPOSITORY=xgo-dev/llgo GOROOT_1_24_X64=/opt/hostedtoolcache/go/1.24.13/x64 GOROOT_1_26_X64=/opt/hostedtoolcache/go/1.26.5/x64 GOWORK=off LLGO_ROOT=/home/runner/work/benchmarks/benchmarks/.ci/llgo GOPATH=/home/runner/work/benchmarks/benchmarks/.ci/bent-compatibility/gopath GOOS=linux GOARCH=amd64 GO111MODULE=auto ROOT=/home/runner/work/benchmarks/benchmarks/.ci/bent-compatibility GOROOT=/opt/hostedtoolcache/go/1.26.2/x64/ BENT_DIR=/home/runner/work/benchmarks/benchmarks/.ci/bent-compatibility BENT_PROFILES=/home/runner/work/benchmarks/benchmarks/.ci/bent-compatibility/bench/20260820T052059.LLGo.profiles BENT_CONFIG=LLGo BENT_BENCH=protobuf_028 BENT_I=0 BENT_BINARY=protobuf_028_LLGo /home/runner/work/benchmarks/benchmarks/.ci/bent-compatibility/testjson /home/runner/work/benchmarks/benchmarks/.ci/bent-compatibility/testbin/protobuf_028_LLGo -test.run=Test -test.bench=none -test.v=test2json -test.short -test.count=1 -test.timeout=5m )', stderr = , rc = 1

shortname: client_go_033
toolchain: LLGo

shortname: client_go_031
toolchain: LLGo

shortname: gonum_029
toolchain: LLGo

shortname: zap_007
toolchain: LLGo
Error running '(cd /home/runner/work/benchmarks/benchmarks/.ci/bent-compatibility/build/zap_007; BENT_QUIET_RUN_OUTPUT=1 LLGO_BIN=/home/runner/work/benchmarks/benchmarks/.ci/llgo/llgo GOROOT_1_25_X64=/opt/hostedtoolcache/go/1.25.12/x64 LLGO_COMMIT=cf91afb98fca979c5195751554b67ec75f8c71d6 GO_VERSION=1.26.2 LLGO_TAG=v1.0.0-pre.3 'LLGO_COMPATIBILITY_CPU=AMD EPYC 7763 64-Core Processor' LLGO_REPOSITORY=xgo-dev/llgo GOROOT_1_24_X64=/opt/hostedtoolcache/go/1.24.13/x64 GOROOT_1_26_X64=/opt/hostedtoolcache/go/1.26.5/x64 GOWORK=off LLGO_ROOT=/home/runner/work/benchmarks/benchmarks/.ci/llgo GOPATH=/home/runner/work/benchmarks/benchmarks/.ci/bent-compatibility/gopath GOOS=linux GOARCH=amd64 GO111MODULE=auto ROOT=/home/runner/work/benchmarks/benchmarks/.ci/bent-compatibility GOROOT=/opt/hostedtoolcache/go/1.26.2/x64/ BENT_DIR=/home/runner/work/benchmarks/benchmarks/.ci/bent-compatibility BENT_PROFILES=/home/runner/work/benchmarks/benchmarks/.ci/bent-compatibility/bench/20260820T052059.LLGo.profiles BENT_CONFIG=LLGo BENT_BENCH=zap_007 BENT_I=0 BENT_BINARY=zap_007_LLGo /home/runner/work/benchmarks/benchmarks/.ci/bent-compatibility/testjson /home/runner/work/benchmarks/benchmarks/.ci/bent-compatibility/testbin/zap_007_LLGo -test.run=Test -test.bench=none -test.v=test2json -test.short -test.count=1 -test.timeout=5m )', stderr = , rc = 1

shortname: gonum_044
toolchain: LLGo

shortname: etcd_api_002
toolchain: LLGo

shortname: workiva_017
toolchain: LLGo

shortname: humanize_001
toolchain: LLGo

shortname: gorm_004
toolchain: LLGo

shortname: etcd_pkg_011
toolchain: LLGo

shortname: gonum_001
toolchain: LLGo

shortname: etcd_client_pkg_001
toolchain: LLGo

shortname: zap_001
toolchain: LLGo

shortname: gonum_007
toolchain: LLGo

shortname: bitset_001
toolchain: LLGo

shortname: etcd_client_pkg_002
toolchain: LLGo

shortname: gonum_022
toolchain: LLGo

shortname: protobuf_026
toolchain: LLGo

shortname: etcd_client_pkg_007
toolchain: LLGo

shortname: gonum_032
toolchain: LLGo

shortname: gonum_038
toolchain: LLGo

shortname: protobuf_022
toolchain: LLGo

shortname: workiva_012
toolchain: LLGo

shortname: workiva_004
toolchain: LLGo

shortname: client_go_039
toolchain: LLGo
Error running '(cd /home/runner/work/benchmarks/benchmarks/.ci/bent-compatibility/build/client_go_039; BENT_QUIET_RUN_OUTPUT=1 LLGO_BIN=/home/runner/work/benchmarks/benchmarks/.ci/llgo/llgo GOROOT_1_25_X64=/opt/hostedtoolcache/go/1.25.12/x64 LLGO_COMMIT=cf91afb98fca979c5195751554b67ec75f8c71d6 GO_VERSION=1.26.2 LLGO_TAG=v1.0.0-pre.3 'LLGO_COMPATIBILITY_CPU=AMD EPYC 7763 64-Core Processor' LLGO_REPOSITORY=xgo-dev/llgo GOROOT_1_24_X64=/opt/hostedtoolcache/go/1.24.13/x64 GOROOT_1_26_X64=/opt/hostedtoolcache/go/1.26.5/x64 GOWORK=off LLGO_ROOT=/home/runner/work/benchmarks/benchmarks/.ci/llgo GOPATH=/home/runner/work/benchmarks/benchmarks/.ci/bent-compatibility/gopath GOOS=linux GOARCH=amd64 GO111MODULE=auto ROOT=/home/runner/work/benchmarks/benchmarks/.ci/bent-compatibility GOROOT=/opt/hostedtoolcache/go/1.26.2/x64/ BENT_DIR=/home/runner/work/benchmarks/benchmarks/.ci/bent-compatibility BENT_PROFILES=/home/runner/work/benchmarks/benchmarks/.ci/bent-compatibility/bench/20260820T052059.LLGo.profiles BENT_CONFIG=LLGo BENT_BENCH=client_go_039 BENT_I=0 BENT_BINARY=client_go_039_LLGo /home/runner/work/benchmarks/benchmarks/.ci/bent-compatibility/testjson /home/runner/work/benchmarks/benchmarks/.ci/bent-compatibility/testbin/client_go_039_LLGo -test.run=Test -test.bench=none -test.v=test2json -test.short -test.count=1 -test.timeout=5m )', stderr = , rc = 1

shortname: gonum_016
toolchain: LLGo

shortname: workiva_026
toolchain: LLGo

shortname: client_go_021
toolchain: LLGo
Error running '(cd /home/runner/work/benchmarks/benchmarks/.ci/bent-compatibility/build/client_go_021; BENT_QUIET_RUN_OUTPUT=1 LLGO_BIN=/home/runner/work/benchmarks/benchmarks/.ci/llgo/llgo GOROOT_1_25_X64=/opt/hostedtoolcache/go/1.25.12/x64 LLGO_COMMIT=cf91afb98fca979c5195751554b67ec75f8c71d6 GO_VERSION=1.26.2 LLGO_TAG=v1.0.0-pre.3 'LLGO_COMPATIBILITY_CPU=AMD EPYC 7763 64-Core Processor' LLGO_REPOSITORY=xgo-dev/llgo GOROOT_1_24_X64=/opt/hostedtoolcache/go/1.24.13/x64 GOROOT_1_26_X64=/opt/hostedtoolcache/go/1.26.5/x64 GOWORK=off LLGO_ROOT=/home/runner/work/benchmarks/benchmarks/.ci/llgo GOPATH=/home/runner/work/benchmarks/benchmarks/.ci/bent-compatibility/gopath GOOS=linux GOARCH=amd64 GO111MODULE=auto ROOT=/home/runner/work/benchmarks/benchmarks/.ci/bent-compatibility GOROOT=/opt/hostedtoolcache/go/1.26.2/x64/ BENT_DIR=/home/runner/work/benchmarks/benchmarks/.ci/bent-compatibility BENT_PROFILES=/home/runner/work/benchmarks/benchmarks/.ci/bent-compatibility/bench/20260820T052059.LLGo.profiles BENT_CONFIG=LLGo BENT_BENCH=client_go_021 BENT_I=0 BENT_BINARY=client_go_021_LLGo /home/runner/work/benchmarks/benchmarks/.ci/bent-compatibility/testjson /home/runner/work/benchmarks/benchmarks/.ci/bent-compatibility/testbin/client_go_021_LLGo -test.run=Test -test.bench=none -test.v=test2json -test.short -test.count=1 -test.timeout=5m )', stderr = , rc = 1

shortname: protobuf_032
toolchain: LLGo

shortname: gonum_028
toolchain: LLGo

shortname: etcd_client_pkg_004
toolchain: LLGo

shortname: semver_001
toolchain: LLGo
Error running '(cd /home/runner/work/benchmarks/benchmarks/.ci/bent-compatibility/build/semver_001; BENT_QUIET_RUN_OUTPUT=1 LLGO_BIN=/home/runner/work/benchmarks/benchmarks/.ci/llgo/llgo GOROOT_1_25_X64=/opt/hostedtoolcache/go/1.25.12/x64 LLGO_COMMIT=cf91afb98fca979c5195751554b67ec75f8c71d6 GO_VERSION=1.26.2 LLGO_TAG=v1.0.0-pre.3 'LLGO_COMPATIBILITY_CPU=AMD EPYC 7763 64-Core Processor' LLGO_REPOSITORY=xgo-dev/llgo GOROOT_1_24_X64=/opt/hostedtoolcache/go/1.24.13/x64 GOROOT_1_26_X64=/opt/hostedtoolcache/go/1.26.5/x64 GOWORK=off LLGO_ROOT=/home/runner/work/benchmarks/benchmarks/.ci/llgo GOPATH=/home/runner/work/benchmarks/benchmarks/.ci/bent-compatibility/gopath GOOS=linux GOARCH=amd64 GO111MODULE=auto ROOT=/home/runner/work/benchmarks/benchmarks/.ci/bent-compatibility GOROOT=/opt/hostedtoolcache/go/1.26.2/x64/ BENT_DIR=/home/runner/work/benchmarks/benchmarks/.ci/bent-compatibility BENT_PROFILES=/home/runner/work/benchmarks/benchmarks/.ci/bent-compatibility/bench/20260820T052059.LLGo.profiles BENT_CONFIG=LLGo BENT_BENCH=semver_001 BENT_I=0 BENT_BINARY=semver_001_LLGo /home/runner/work/benchmarks/benchmarks/.ci/bent-compatibility/testjson /home/runner/work/benchmarks/benchmarks/.ci/bent-compatibility/testbin/semver_001_LLGo -test.run=Test -test.bench=none -test.v=test2json -test.short -test.count=1 -test.timeout=5m )', stderr = , rc = 1

shortname: protobuf_023
toolchain: LLGo

shortname: etcd_api_003
toolchain: LLGo

shortname: workiva_022
toolchain: LLGo

shortname: protobuf_021
toolchain: LLGo

shortname: protobuf_007
toolchain: LLGo

shortname: workiva_023
toolchain: LLGo

shortname: gorm_005
toolchain: LLGo

shortname: toml_001
toolchain: LLGo

shortname: gonum_027
toolchain: LLGo

shortname: protobuf_031
toolchain: LLGo
Error running '(cd /home/runner/work/benchmarks/benchmarks/.ci/bent-compatibility/build/protobuf_031; BENT_QUIET_RUN_OUTPUT=1 LLGO_BIN=/home/runner/work/benchmarks/benchmarks/.ci/llgo/llgo GOROOT_1_25_X64=/opt/hostedtoolcache/go/1.25.12/x64 LLGO_COMMIT=cf91afb98fca979c5195751554b67ec75f8c71d6 GO_VERSION=1.26.2 LLGO_TAG=v1.0.0-pre.3 'LLGO_COMPATIBILITY_CPU=AMD EPYC 7763 64-Core Processor' LLGO_REPOSITORY=xgo-dev/llgo GOROOT_1_24_X64=/opt/hostedtoolcache/go/1.24.13/x64 GOROOT_1_26_X64=/opt/hostedtoolcache/go/1.26.5/x64 GOWORK=off LLGO_ROOT=/home/runner/work/benchmarks/benchmarks/.ci/llgo GOPATH=/home/runner/work/benchmarks/benchmarks/.ci/bent-compatibility/gopath GOOS=linux GOARCH=amd64 GO111MODULE=auto ROOT=/home/runner/work/benchmarks/benchmarks/.ci/bent-compatibility GOROOT=/opt/hostedtoolcache/go/1.26.2/x64/ BENT_DIR=/home/runner/work/benchmarks/benchmarks/.ci/bent-compatibility BENT_PROFILES=/home/runner/work/benchmarks/benchmarks/.ci/bent-compatibility/bench/20260820T052059.LLGo.profiles BENT_CONFIG=LLGo BENT_BENCH=protobuf_031 BENT_I=0 BENT_BINARY=protobuf_031_LLGo /home/runner/work/benchmarks/benchmarks/.ci/bent-compatibility/testjson /home/runner/work/benchmarks/benchmarks/.ci/bent-compatibility/testbin/protobuf_031_LLGo -test.run=Test -test.bench=none -test.v=test2json -test.short -test.count=1 -test.timeout=5m )', stderr = , rc = 1

shortname: client_go_008
toolchain: LLGo

shortname: etcd_client_pkg_005
toolchain: LLGo

shortname: etcd_pkg_008
toolchain: LLGo

shortname: gonum_003
toolchain: LLGo

shortname: etcd_api_001
toolchain: LLGo

shortname: gonum_009
toolchain: LLGo

shortname: gonum_020
toolchain: LLGo

shortname: protobuf_017
toolchain: LLGo

shortname: protobuf_027
toolchain: LLGo

shortname: workiva_001
toolchain: LLGo

shortname: client_go_010
toolchain: LLGo

shortname: zap_011
toolchain: LLGo

shortname: etcd_client_pkg_008
toolchain: LLGo

shortname: protobuf_009
toolchain: LLGo

shortname: gonum_040
toolchain: LLGo

shortname: gonum_050
toolchain: LLGo

shortname: workiva_013
toolchain: LLGo

shortname: gonum_033
toolchain: LLGo

shortname: client_go_029
toolchain: LLGo

shortname: protobuf_014
toolchain: LLGo

shortname: etcd_pkg_007
toolchain: LLGo

shortname: client_go_003
toolchain: LLGo

shortname: gonum_010
toolchain: LLGo

shortname: workiva_020
toolchain: LLGo

shortname: protobuf_016
toolchain: LLGo

shortname: client_go_034
toolchain: LLGo

shortname: etcd_pkg_014
toolchain: LLGo

shortname: client_go_025
toolchain: LLGo

shortname: client_go_012
toolchain: LLGo

shortname: protobuf_018
toolchain: LLGo

shortname: client_go_024
toolchain: LLGo

shortname: workiva_021
toolchain: LLGo

shortname: gonum_035
toolchain: LLGo

shortname: protobuf_008
toolchain: LLGo

shortname: client_go_040
toolchain: LLGo

shortname: etcd_pkg_009
toolchain: LLGo

shortname: workiva_003
toolchain: LLGo

shortname: gonum_018
toolchain: LLGo

shortname: workiva_007
toolchain: LLGo

shortname: gonum_013
toolchain: LLGo

shortname: workiva_018
toolchain: LLGo

shortname: gonum_015
toolchain: LLGo

shortname: etcd_pkg_012
toolchain: LLGo

shortname: gonum_045
toolchain: LLGo

shortname: gonum_031
toolchain: LLGo

shortname: gonum_048
toolchain: LLGo

shortname: client_go_004
toolchain: LLGo

shortname: etcd_pkg_015
toolchain: LLGo

shortname: client_go_011
toolchain: LLGo

shortname: gorm_001
toolchain: LLGo

shortname: gonum_008
toolchain: LLGo

shortname: client_go_036
toolchain: LLGo

shortname: protobuf_002
toolchain: LLGo

shortname: protobuf_003
toolchain: LLGo

shortname: gonum_004
toolchain: LLGo

shortname: gonum_021
toolchain: LLGo

shortname: workiva_002
toolchain: LLGo

shortname: client_go_020
toolchain: LLGo

shortname: client_go_027
toolchain: LLGo

shortname: protobuf_033
toolchain: LLGo

shortname: zap_005
toolchain: LLGo

shortname: etcd_pkg_001
toolchain: LLGo

shortname: client_go_035
toolchain: LLGo

shortname: client_go_032
toolchain: LLGo

shortname: protobuf_013
toolchain: LLGo

shortname: client_go_014
toolchain: LLGo

shortname: uuid_001
toolchain: LLGo

shortname: gonum_011
toolchain: LLGo

shortname: client_go_015
toolchain: LLGo

shortname: gonum_019
toolchain: LLGo

shortname: etcd_pkg_013
toolchain: LLGo

shortname: gonum_043
toolchain: LLGo

shortname: client_go_023
toolchain: LLGo

shortname: gonum_006
toolchain: LLGo

shortname: etcd_pkg_002
toolchain: LLGo

shortname: zap_006
toolchain: LLGo

shortname: gonum_012
toolchain: LLGo

shortname: client_go_002
toolchain: LLGo

shortname: protobuf_004
toolchain: LLGo

shortname: gonum_017
toolchain: LLGo

shortname: gonum_042
toolchain: LLGo

shortname: client_go_018
toolchain: LLGo

shortname: etcd_client_pkg_006
toolchain: LLGo

shortname: protobuf_024
toolchain: LLGo

shortname: workiva_005
toolchain: LLGo

shortname: gonum_005
toolchain: LLGo

shortname: gonum_049
toolchain: LLGo

shortname: protobuf_029
toolchain: LLGo

shortname: client_go_022
toolchain: LLGo

shortname: client_go_030
toolchain: LLGo

shortname: client_go_026
toolchain: LLGo

shortname: protobuf_035
toolchain: LLGo

shortname: workiva_028
toolchain: LLGo

shortname: gonum_026
toolchain: LLGo

shortname: zap_008
toolchain: LLGo

shortname: etcd_client_pkg_003
toolchain: LLGo

shortname: gonum_030
toolchain: LLGo

shortname: etcd_pkg_010
toolchain: LLGo

shortname: gonum_039
toolchain: LLGo

shortname: protobuf_020
toolchain: LLGo

shortname: workiva_025
toolchain: LLGo

shortname: zap_010
toolchain: LLGo

shortname: protobuf_030
toolchain: LLGo

shortname: protobuf_034
toolchain: LLGo

shortname: gonum_034
toolchain: LLGo

shortname: zap_002
toolchain: LLGo

shortname: workiva_010
toolchain: LLGo

shortname: zap_003
toolchain: LLGo

shortname: gonum_037
toolchain: LLGo

shortname: workiva_019
toolchain: LLGo

shortname: etcd_pkg_006
toolchain: LLGo

shortname: workiva_015
toolchain: LLGo

shortname: client_go_005
toolchain: LLGo

shortname: protobuf_019
toolchain: LLGo

shortname: protobuf_010
toolchain: LLGo

shortname: protobuf_011
toolchain: LLGo

shortname: protobuf_005
toolchain: LLGo

shortname: gonum_047
toolchain: LLGo

shortname: gonum_025
toolchain: LLGo

shortname: gonum_023
toolchain: LLGo

shortname: client_go_013
toolchain: LLGo

shortname: gonum_002
toolchain: LLGo

shortname: client_go_007
toolchain: LLGo

shortname: client_go_037
toolchain: LLGo

shortname: protobuf_006
toolchain: LLGo

shortname: gonum_024
toolchain: LLGo

shortname: workiva_014
toolchain: LLGo

shortname: gonum_014
toolchain: LLGo

shortname: protobuf_025
toolchain: LLGo

shortname: workiva_027
toolchain: LLGo

shortname: client_go_016
toolchain: LLGo

shortname: gorm_002
toolchain: LLGo

shortname: client_go_038
toolchain: LLGo
Error running '(cd /home/runner/work/benchmarks/benchmarks/.ci/bent-compatibility/build/client_go_038; BENT_QUIET_RUN_OUTPUT=1 LLGO_BIN=/home/runner/work/benchmarks/benchmarks/.ci/llgo/llgo GOROOT_1_25_X64=/opt/hostedtoolcache/go/1.25.12/x64 LLGO_COMMIT=cf91afb98fca979c5195751554b67ec75f8c71d6 GO_VERSION=1.26.2 LLGO_TAG=v1.0.0-pre.3 'LLGO_COMPATIBILITY_CPU=AMD EPYC 7763 64-Core Processor' LLGO_REPOSITORY=xgo-dev/llgo GOROOT_1_24_X64=/opt/hostedtoolcache/go/1.24.13/x64 GOROOT_1_26_X64=/opt/hostedtoolcache/go/1.26.5/x64 GOWORK=off LLGO_ROOT=/home/runner/work/benchmarks/benchmarks/.ci/llgo GOPATH=/home/runner/work/benchmarks/benchmarks/.ci/bent-compatibility/gopath GOOS=linux GOARCH=amd64 GO111MODULE=auto ROOT=/home/runner/work/benchmarks/benchmarks/.ci/bent-compatibility GOROOT=/opt/hostedtoolcache/go/1.26.2/x64/ BENT_DIR=/home/runner/work/benchmarks/benchmarks/.ci/bent-compatibility BENT_PROFILES=/home/runner/work/benchmarks/benchmarks/.ci/bent-compatibility/bench/20260820T052059.LLGo.profiles BENT_CONFIG=LLGo BENT_BENCH=client_go_038 BENT_I=0 BENT_BINARY=client_go_038_LLGo /home/runner/work/benchmarks/benchmarks/.ci/bent-compatibility/testjson /home/runner/work/benchmarks/benchmarks/.ci/bent-compatibility/testbin/client_go_038_LLGo -test.run=Test -test.bench=none -test.v=test2json -test.short -test.count=1 -test.timeout=5m )', stderr = , rc = 1

shortname: client_go_028
toolchain: LLGo

shortname: protobuf_012
toolchain: LLGo

shortname: client_go_006
toolchain: LLGo

shortname: etcd_pkg_004
toolchain: LLGo

shortname: etcd_pkg_003
toolchain: LLGo

shortname: protobuf_015
toolchain: LLGo
Error running '(cd /home/runner/work/benchmarks/benchmarks/.ci/bent-compatibility/build/protobuf_015; BENT_QUIET_RUN_OUTPUT=1 LLGO_BIN=/home/runner/work/benchmarks/benchmarks/.ci/llgo/llgo GOROOT_1_25_X64=/opt/hostedtoolcache/go/1.25.12/x64 LLGO_COMMIT=cf91afb98fca979c5195751554b67ec75f8c71d6 GO_VERSION=1.26.2 LLGO_TAG=v1.0.0-pre.3 'LLGO_COMPATIBILITY_CPU=AMD EPYC 7763 64-Core Processor' LLGO_REPOSITORY=xgo-dev/llgo GOROOT_1_24_X64=/opt/hostedtoolcache/go/1.24.13/x64 GOROOT_1_26_X64=/opt/hostedtoolcache/go/1.26.5/x64 GOWORK=off LLGO_ROOT=/home/runner/work/benchmarks/benchmarks/.ci/llgo GOPATH=/home/runner/work/benchmarks/benchmarks/.ci/bent-compatibility/gopath GOOS=linux GOARCH=amd64 GO111MODULE=auto ROOT=/home/runner/work/benchmarks/benchmarks/.ci/bent-compatibility GOROOT=/opt/hostedtoolcache/go/1.26.2/x64/ BENT_DIR=/home/runner/work/benchmarks/benchmarks/.ci/bent-compatibility BENT_PROFILES=/home/runner/work/benchmarks/benchmarks/.ci/bent-compatibility/bench/20260820T052059.LLGo.profiles BENT_CONFIG=LLGo BENT_BENCH=protobuf_015 BENT_I=0 BENT_BINARY=protobuf_015_LLGo /home/runner/work/benchmarks/benchmarks/.ci/bent-compatibility/testjson /home/runner/work/benchmarks/benchmarks/.ci/bent-compatibility/testbin/protobuf_015_LLGo -test.run=Test -test.bench=none -test.v=test2json -test.short -test.count=1 -test.timeout=5m )', stderr = , rc = 1

shortname: workiva_011
toolchain: LLGo

shortname: client_go_009
toolchain: LLGo

shortname: gorm_003
toolchain: LLGo

shortname: gonum_036
toolchain: LLGo

shortname: protobuf_001
toolchain: LLGo

shortname: workiva_024
toolchain: LLGo

shortname: client_go_019
toolchain: LLGo

shortname: zap_004
toolchain: LLGo
