
shortname: bloom_bits-BitSetExtractDeposit%2Fsize%3D64%2Ffn%3DDepositTo
toolchain: LLGo
goos: linux
goarch: amd64
pkg: github.com/bits-and-blooms/bitset
cpu: AMD EPYC 7763 64-Core Processor @ 3244.379MHz
BenchmarkBitSetExtractDeposit/size=64/fn=DepositTo-4         	28370172	        42.10 ns/op	       0 B/op	       0 allocs/op
PASS

shortname: bloom_bits-BitSetExtractDeposit%2Fsize%3D64%2Ffn%3DDepositTo
toolchain: LLGo
goos: linux
goarch: amd64
pkg: github.com/bits-and-blooms/bitset
cpu: AMD EPYC 7763 64-Core Processor @ 3244.336MHz
BenchmarkBitSetExtractDeposit/size=64/fn=DepositTo-4         	28576386	        42.10 ns/op	       0 B/op	       0 allocs/op
PASS

shortname: bloom_bits-BitSetExtractDeposit%2Fsize%3D64%2Ffn%3DDepositTo
toolchain: LLGo
goos: linux
goarch: amd64
pkg: github.com/bits-and-blooms/bitset
cpu: AMD EPYC 7763 64-Core Processor @ 3244.010MHz
BenchmarkBitSetExtractDeposit/size=64/fn=DepositTo-4         	28520298	        42.01 ns/op	       0 B/op	       0 allocs/op
PASS

shortname: bloom_bits-BitSetExtractDeposit%2Fsize%3D64%2Ffn%3DDepositTo
toolchain: LLGo
goos: linux
goarch: amd64
pkg: github.com/bits-and-blooms/bitset
cpu: AMD EPYC 7763 64-Core Processor @ 3243.315MHz
BenchmarkBitSetExtractDeposit/size=64/fn=DepositTo-4         	28590439	        42.53 ns/op	       0 B/op	       0 allocs/op
PASS

shortname: bloom_bits-BitSetExtractDeposit%2Fsize%3D64%2Ffn%3DDepositTo
toolchain: LLGo
goos: linux
goarch: amd64
pkg: github.com/bits-and-blooms/bitset
cpu: AMD EPYC 7763 64-Core Processor @ 3239.495MHz
BenchmarkBitSetExtractDeposit/size=64/fn=DepositTo-4         	28549108	        43.03 ns/op	       0 B/op	       0 allocs/op
PASS

shortname: gonum_community-NewDirectedLayers%2FgraphSize%3D10%2CnumGraphs%3D1
toolchain: LLGo
goos: linux
goarch: amd64
pkg: gonum.org/v1/gonum/graph/community
cpu: AMD EPYC 7763 64-Core Processor @ 3244.484MHz
BenchmarkNewDirectedLayers/graphSize=10,numGraphs=1-4         	  684627	      1534 ns/op
PASS

shortname: gonum_community-NewDirectedLayers%2FgraphSize%3D10%2CnumGraphs%3D1
toolchain: LLGo
goos: linux
goarch: amd64
pkg: gonum.org/v1/gonum/graph/community
cpu: AMD EPYC 7763 64-Core Processor @ 3244.471MHz
BenchmarkNewDirectedLayers/graphSize=10,numGraphs=1-4         	  732745	      1484 ns/op
PASS

shortname: gonum_community-NewDirectedLayers%2FgraphSize%3D10%2CnumGraphs%3D1
toolchain: LLGo
goos: linux
goarch: amd64
pkg: gonum.org/v1/gonum/graph/community
cpu: AMD EPYC 7763 64-Core Processor @ 3243.903MHz
BenchmarkNewDirectedLayers/graphSize=10,numGraphs=1-4         	  707101	      1520 ns/op
PASS

shortname: gonum_community-NewDirectedLayers%2FgraphSize%3D10%2CnumGraphs%3D1
toolchain: LLGo
goos: linux
goarch: amd64
pkg: gonum.org/v1/gonum/graph/community
cpu: AMD EPYC 7763 64-Core Processor @ 3244.133MHz
BenchmarkNewDirectedLayers/graphSize=10,numGraphs=1-4         	  743384	      1513 ns/op
PASS

shortname: gonum_community-NewDirectedLayers%2FgraphSize%3D10%2CnumGraphs%3D1
toolchain: LLGo
goos: linux
goarch: amd64
pkg: gonum.org/v1/gonum/graph/community
cpu: AMD EPYC 7763 64-Core Processor @ 3244.258MHz
BenchmarkNewDirectedLayers/graphSize=10,numGraphs=1-4         	  717055	      1497 ns/op
PASS

shortname: gonum_community-NewDirectedLayers%2FgraphSize%3D1000%2CnumGraphs%3D1
toolchain: LLGo
goos: linux
goarch: amd64
pkg: gonum.org/v1/gonum/graph/community
cpu: AMD EPYC 7763 64-Core Processor @ 3243.416MHz
BenchmarkNewDirectedLayers/graphSize=1000,numGraphs=1-4         	    6838	    160919 ns/op
PASS

shortname: gonum_community-NewDirectedLayers%2FgraphSize%3D1000%2CnumGraphs%3D1
toolchain: LLGo
goos: linux
goarch: amd64
pkg: gonum.org/v1/gonum/graph/community
cpu: AMD EPYC 7763 64-Core Processor @ 3243.919MHz
BenchmarkNewDirectedLayers/graphSize=1000,numGraphs=1-4         	    6891	    161028 ns/op
PASS

shortname: gonum_community-NewDirectedLayers%2FgraphSize%3D1000%2CnumGraphs%3D1
toolchain: LLGo
goos: linux
goarch: amd64
pkg: gonum.org/v1/gonum/graph/community
cpu: AMD EPYC 7763 64-Core Processor @ 3243.680MHz
BenchmarkNewDirectedLayers/graphSize=1000,numGraphs=1-4         	    6481	    170628 ns/op
PASS

shortname: gonum_community-NewDirectedLayers%2FgraphSize%3D1000%2CnumGraphs%3D1
toolchain: LLGo
goos: linux
goarch: amd64
pkg: gonum.org/v1/gonum/graph/community
cpu: AMD EPYC 7763 64-Core Processor @ 3242.892MHz
BenchmarkNewDirectedLayers/graphSize=1000,numGraphs=1-4         	    6586	    169999 ns/op
PASS

shortname: gonum_community-NewDirectedLayers%2FgraphSize%3D1000%2CnumGraphs%3D1
toolchain: LLGo
goos: linux
goarch: amd64
pkg: gonum.org/v1/gonum/graph/community
cpu: AMD EPYC 7763 64-Core Processor @ 3244.944MHz
BenchmarkNewDirectedLayers/graphSize=1000,numGraphs=1-4         	    6576	    159006 ns/op
PASS

shortname: gonum_mat-CholeskyInverseTo%2Fn%3D100
toolchain: LLGo
goos: linux
goarch: amd64
pkg: gonum.org/v1/gonum/mat
cpu: AMD EPYC 7763 64-Core Processor @ 3242.456MHz
BenchmarkCholeskyInverseTo/n=100-4         	    2164	    564944 ns/op
PASS

shortname: gonum_mat-CholeskyInverseTo%2Fn%3D100
toolchain: LLGo
goos: linux
goarch: amd64
pkg: gonum.org/v1/gonum/mat
cpu: AMD EPYC 7763 64-Core Processor @ 3301.932MHz
BenchmarkCholeskyInverseTo/n=100-4         	    2166	    556579 ns/op
PASS

shortname: gonum_mat-CholeskyInverseTo%2Fn%3D100
toolchain: LLGo
goos: linux
goarch: amd64
pkg: gonum.org/v1/gonum/mat
cpu: AMD EPYC 7763 64-Core Processor @ 3243.218MHz
BenchmarkCholeskyInverseTo/n=100-4         	    2162	    554071 ns/op
PASS

shortname: gonum_mat-CholeskyInverseTo%2Fn%3D100
toolchain: LLGo
goos: linux
goarch: amd64
pkg: gonum.org/v1/gonum/mat
cpu: AMD EPYC 7763 64-Core Processor @ 3243.941MHz
BenchmarkCholeskyInverseTo/n=100-4         	    2163	    553641 ns/op
PASS

shortname: gonum_mat-CholeskyInverseTo%2Fn%3D100
toolchain: LLGo
goos: linux
goarch: amd64
pkg: gonum.org/v1/gonum/mat
cpu: AMD EPYC 7763 64-Core Processor @ 3245.558MHz
BenchmarkCholeskyInverseTo/n=100-4         	    2157	    554102 ns/op
PASS

shortname: gproto_reflect-Value%2FInterface
toolchain: LLGo
goos: linux
goarch: amd64
pkg: google.golang.org/protobuf/reflect/protoreflect
cpu: AMD EPYC 7763 64-Core Processor @ 3245.148MHz
BenchmarkValue/Interface-4         	46136757	        22.04 ns/op	      32 B/op	       0 allocs/op
PASS

shortname: gproto_reflect-Value%2FInterface
toolchain: LLGo
goos: linux
goarch: amd64
pkg: google.golang.org/protobuf/reflect/protoreflect
cpu: AMD EPYC 7763 64-Core Processor @ 3244.285MHz
BenchmarkValue/Interface-4         	54486583	        22.59 ns/op	      32 B/op	       0 allocs/op
PASS

shortname: gproto_reflect-Value%2FInterface
toolchain: LLGo
goos: linux
goarch: amd64
pkg: google.golang.org/protobuf/reflect/protoreflect
cpu: AMD EPYC 7763 64-Core Processor @ 3244.223MHz
BenchmarkValue/Interface-4         	54712267	        21.90 ns/op	      32 B/op	       0 allocs/op
PASS

shortname: gproto_reflect-Value%2FInterface
toolchain: LLGo
goos: linux
goarch: amd64
pkg: google.golang.org/protobuf/reflect/protoreflect
cpu: AMD EPYC 7763 64-Core Processor @ 3244.272MHz
BenchmarkValue/Interface-4         	45952158	        21.94 ns/op	      32 B/op	       0 allocs/op
PASS

shortname: gproto_reflect-Value%2FInterface
toolchain: LLGo
goos: linux
goarch: amd64
pkg: google.golang.org/protobuf/reflect/protoreflect
cpu: AMD EPYC 7763 64-Core Processor @ 3244.068MHz
BenchmarkValue/Interface-4         	54305898	        22.14 ns/op	      32 B/op	       0 allocs/op
PASS

shortname: kanzi-ANS0
toolchain: LLGo
goos: linux
goarch: amd64
pkg: github.com/flanglet/kanzi-go/v2/benchmark
cpu: AMD EPYC 7763 64-Core Processor @ 3242.365MHz
BenchmarkANS0-4   	     429	   2725001 ns/op
PASS

shortname: kanzi-ANS0
toolchain: LLGo
goos: linux
goarch: amd64
pkg: github.com/flanglet/kanzi-go/v2/benchmark
cpu: AMD EPYC 7763 64-Core Processor @ 3240.874MHz
BenchmarkANS0-4   	     432	   2716062 ns/op
PASS

shortname: kanzi-ANS0
toolchain: LLGo
goos: linux
goarch: amd64
pkg: github.com/flanglet/kanzi-go/v2/benchmark
cpu: AMD EPYC 7763 64-Core Processor @ 3243.737MHz
BenchmarkANS0-4   	     429	   2711016 ns/op
PASS

shortname: kanzi-ANS0
toolchain: LLGo
goos: linux
goarch: amd64
pkg: github.com/flanglet/kanzi-go/v2/benchmark
cpu: AMD EPYC 7763 64-Core Processor @ 3244.577MHz
BenchmarkANS0-4   	     424	   2721028 ns/op
PASS

shortname: kanzi-ANS0
toolchain: LLGo
goos: linux
goarch: amd64
pkg: github.com/flanglet/kanzi-go/v2/benchmark
cpu: AMD EPYC 7763 64-Core Processor @ 3277.873MHz
BenchmarkANS0-4   	     430	   2715393 ns/op
PASS

shortname: kanzi-BWTSmallBlock
toolchain: LLGo
goos: linux
goarch: amd64
pkg: github.com/flanglet/kanzi-go/v2/benchmark
cpu: AMD EPYC 7763 64-Core Processor @ 2445.429MHz
BenchmarkBWTSmallBlock-4   	      25	  45537050 ns/op
PASS

shortname: kanzi-BWTSmallBlock
toolchain: LLGo
goos: linux
goarch: amd64
pkg: github.com/flanglet/kanzi-go/v2/benchmark
cpu: AMD EPYC 7763 64-Core Processor @ 2445.429MHz
BenchmarkBWTSmallBlock-4   	      25	  46005215 ns/op
PASS

shortname: kanzi-BWTSmallBlock
toolchain: LLGo
goos: linux
goarch: amd64
pkg: github.com/flanglet/kanzi-go/v2/benchmark
cpu: AMD EPYC 7763 64-Core Processor @ 3243.577MHz
BenchmarkBWTSmallBlock-4   	      24	  45888194 ns/op
PASS

shortname: kanzi-BWTSmallBlock
toolchain: LLGo
goos: linux
goarch: amd64
pkg: github.com/flanglet/kanzi-go/v2/benchmark
cpu: AMD EPYC 7763 64-Core Processor @ 3244.223MHz
BenchmarkBWTSmallBlock-4   	      25	  45719491 ns/op
PASS

shortname: kanzi-BWTSmallBlock
toolchain: LLGo
goos: linux
goarch: amd64
pkg: github.com/flanglet/kanzi-go/v2/benchmark
cpu: AMD EPYC 7763 64-Core Processor @ 2445.429MHz
BenchmarkBWTSmallBlock-4   	      25	  45846107 ns/op
PASS

shortname: kanzi-Huffman
toolchain: LLGo
goos: linux
goarch: amd64
pkg: github.com/flanglet/kanzi-go/v2/benchmark
cpu: AMD EPYC 7763 64-Core Processor @ 3243.789MHz
BenchmarkHuffman-4   	     277	   4246505 ns/op
PASS

shortname: kanzi-Huffman
toolchain: LLGo
goos: linux
goarch: amd64
pkg: github.com/flanglet/kanzi-go/v2/benchmark
cpu: AMD EPYC 7763 64-Core Processor @ 3243.846MHz
BenchmarkHuffman-4   	     278	   4254000 ns/op
PASS

shortname: kanzi-Huffman
toolchain: LLGo
goos: linux
goarch: amd64
pkg: github.com/flanglet/kanzi-go/v2/benchmark
cpu: AMD EPYC 7763 64-Core Processor @ 3242.777MHz
BenchmarkHuffman-4   	     278	   4241822 ns/op
PASS

shortname: kanzi-Huffman
toolchain: LLGo
goos: linux
goarch: amd64
pkg: github.com/flanglet/kanzi-go/v2/benchmark
cpu: AMD EPYC 7763 64-Core Processor @ 3225.420MHz
BenchmarkHuffman-4   	     278	   4249460 ns/op
PASS

shortname: kanzi-Huffman
toolchain: LLGo
goos: linux
goarch: amd64
pkg: github.com/flanglet/kanzi-go/v2/benchmark
cpu: AMD EPYC 7763 64-Core Processor @ 3244.359MHz
BenchmarkHuffman-4   	     279	   4235390 ns/op
PASS

shortname: workiva_avl-ImmutableInsert
toolchain: LLGo
goos: linux
goarch: amd64
pkg: github.com/Workiva/go-datastructures/tree/avl
cpu: AMD EPYC 7763 64-Core Processor @ 3244.062MHz
BenchmarkImmutableInsert-4   	 1000000	      1627 ns/op
PASS

shortname: workiva_avl-ImmutableInsert
toolchain: LLGo
goos: linux
goarch: amd64
pkg: github.com/Workiva/go-datastructures/tree/avl
cpu: AMD EPYC 7763 64-Core Processor @ 3244.184MHz
BenchmarkImmutableInsert-4   	 1000000	      1584 ns/op
PASS

shortname: workiva_avl-ImmutableInsert
toolchain: LLGo
goos: linux
goarch: amd64
pkg: github.com/Workiva/go-datastructures/tree/avl
cpu: AMD EPYC 7763 64-Core Processor @ 3244.617MHz
BenchmarkImmutableInsert-4   	 1000000	      1595 ns/op
PASS

shortname: workiva_avl-ImmutableInsert
toolchain: LLGo
goos: linux
goarch: amd64
pkg: github.com/Workiva/go-datastructures/tree/avl
cpu: AMD EPYC 7763 64-Core Processor @ 3243.790MHz
BenchmarkImmutableInsert-4   	 1000000	      1594 ns/op
PASS

shortname: workiva_avl-ImmutableInsert
toolchain: LLGo
goos: linux
goarch: amd64
pkg: github.com/Workiva/go-datastructures/tree/avl
cpu: AMD EPYC 7763 64-Core Processor @ 3241.631MHz
BenchmarkImmutableInsert-4   	 1000000	      1609 ns/op
PASS

shortname: workiva_rangetree-ImmutableInsertSecondDimension
toolchain: LLGo
goos: linux
goarch: amd64
pkg: github.com/Workiva/go-datastructures/rangetree
cpu: AMD EPYC 7763 64-Core Processor @ 2445.429MHz
BenchmarkImmutableInsertSecondDimension-4   	      34	  34339235 ns/op
PASS

shortname: workiva_rangetree-ImmutableInsertSecondDimension
toolchain: LLGo
goos: linux
goarch: amd64
pkg: github.com/Workiva/go-datastructures/rangetree
cpu: AMD EPYC 7763 64-Core Processor @ 2984.632MHz
BenchmarkImmutableInsertSecondDimension-4   	      34	  33840356 ns/op
PASS

shortname: workiva_rangetree-ImmutableInsertSecondDimension
toolchain: LLGo
goos: linux
goarch: amd64
pkg: github.com/Workiva/go-datastructures/rangetree
cpu: AMD EPYC 7763 64-Core Processor @ 3244.065MHz
BenchmarkImmutableInsertSecondDimension-4   	      34	  34179479 ns/op
PASS

shortname: workiva_rangetree-ImmutableInsertSecondDimension
toolchain: LLGo
goos: linux
goarch: amd64
pkg: github.com/Workiva/go-datastructures/rangetree
cpu: AMD EPYC 7763 64-Core Processor @ 2445.429MHz
BenchmarkImmutableInsertSecondDimension-4   	      34	  34489726 ns/op
PASS

shortname: workiva_rangetree-ImmutableInsertSecondDimension
toolchain: LLGo
goos: linux
goarch: amd64
pkg: github.com/Workiva/go-datastructures/rangetree
cpu: AMD EPYC 7763 64-Core Processor @ 2445.429MHz
BenchmarkImmutableInsertSecondDimension-4   	      34	  33916390 ns/op
PASS

shortname: workiva_triey-Iterator
toolchain: LLGo
goos: linux
goarch: amd64
pkg: github.com/Workiva/go-datastructures/trie/yfast
cpu: AMD EPYC 7763 64-Core Processor @ 3244.294MHz
BenchmarkIterator-4   	 1000000	      1065 ns/op
PASS

shortname: workiva_triey-Iterator
toolchain: LLGo
goos: linux
goarch: amd64
pkg: github.com/Workiva/go-datastructures/trie/yfast
cpu: AMD EPYC 7763 64-Core Processor @ 3243.702MHz
BenchmarkIterator-4   	 1000000	      1086 ns/op
PASS

shortname: workiva_triey-Iterator
toolchain: LLGo
goos: linux
goarch: amd64
pkg: github.com/Workiva/go-datastructures/trie/yfast
cpu: AMD EPYC 7763 64-Core Processor @ 3244.512MHz
BenchmarkIterator-4   	 1000000	      1065 ns/op
PASS

shortname: workiva_triey-Iterator
toolchain: LLGo
goos: linux
goarch: amd64
pkg: github.com/Workiva/go-datastructures/trie/yfast
cpu: AMD EPYC 7763 64-Core Processor @ 3243.304MHz
BenchmarkIterator-4   	 1000000	      1068 ns/op
PASS

shortname: workiva_triey-Iterator
toolchain: LLGo
goos: linux
goarch: amd64
pkg: github.com/Workiva/go-datastructures/trie/yfast
cpu: AMD EPYC 7763 64-Core Processor @ 3243.700MHz
BenchmarkIterator-4   	 1000000	      1066 ns/op
PASS
