
[bent-download] start benchmark=toml cwd=/home/runner/work/benchmarks/benchmarks/.ci/bent-run/build/toml command=/opt/hostedtoolcache/go/1.26.2/x64/bin/go get -d -t -v github.com/BurntSushi/toml@v1.3.2 
go: -d flag is deprecated. -d=true is a no-op
go: downloading github.com/BurntSushi/toml v1.3.2
go: added github.com/BurntSushi/toml v1.3.2
[bent-download] end benchmark=toml status=0 duration_ms=249

[bent-download] start benchmark=aws_restjson cwd=/home/runner/work/benchmarks/benchmarks/.ci/bent-run/build/aws_restjson command=/opt/hostedtoolcache/go/1.26.2/x64/bin/go get -d -t -v github.com/aws/aws-sdk-go/private/protocol/restjson@v1.41.1 
go: -d flag is deprecated. -d=true is a no-op
go: downloading github.com/aws/aws-sdk-go v1.41.1
go: downloading github.com/jmespath/go-jmespath v0.4.0
go: module github.com/aws/aws-sdk-go is deprecated: aws-sdk-go is deprecated. Use aws-sdk-go-v2.
go: added github.com/aws/aws-sdk-go v1.41.1
go: added github.com/jmespath/go-jmespath v0.4.0
[bent-download] end benchmark=aws_restjson status=0 duration_ms=2107

[bent-download] start benchmark=dustin_humanize cwd=/home/runner/work/benchmarks/benchmarks/.ci/bent-run/build/dustin_humanize command=/opt/hostedtoolcache/go/1.26.2/x64/bin/go get -d -t -v github.com/dustin/go-humanize@v1.0.0 
go: -d flag is deprecated. -d=true is a no-op
go: downloading github.com/dustin/go-humanize v1.0.0
go: added github.com/dustin/go-humanize v1.0.0
[bent-download] end benchmark=dustin_humanize status=0 duration_ms=157

[bent-download] start benchmark=k8s_workqueue cwd=/home/runner/work/benchmarks/benchmarks/.ci/bent-run/build/k8s_workqueue command=/opt/hostedtoolcache/go/1.26.2/x64/bin/go get -d -t -v k8s.io/client-go/util/workqueue@v0.22.2 
go: -d flag is deprecated. -d=true is a no-op
go: downloading k8s.io/client-go v0.22.2
go: downloading k8s.io/apimachinery v0.22.2
go: downloading golang.org/x/time v0.0.0-20210723032227-1f47c861a9ac
go: downloading github.com/google/go-cmp v0.5.5
go: downloading k8s.io/klog/v2 v2.9.0
go: downloading github.com/go-logr/logr v0.4.0
go: added github.com/go-logr/logr v0.4.0
go: added golang.org/x/time v0.0.0-20210723032227-1f47c861a9ac
go: added k8s.io/apimachinery v0.22.2
go: added k8s.io/client-go v0.22.2
go: added k8s.io/klog/v2 v2.9.0
[bent-download] end benchmark=k8s_workqueue status=0 duration_ms=3030

[bent-download] start benchmark=uber_zap cwd=/home/runner/work/benchmarks/benchmarks/.ci/bent-run/build/uber_zap command=/opt/hostedtoolcache/go/1.26.2/x64/bin/go get -d -t -v go.uber.org/zap/zapcore@v1.19.1 
go: -d flag is deprecated. -d=true is a no-op
go: downloading go.uber.org/zap v1.19.1
go: downloading go.uber.org/atomic v1.7.0
go: downloading go.uber.org/multierr v1.6.0
go: downloading github.com/benbjohnson/clock v1.1.0
go: downloading github.com/pkg/errors v0.8.1
go: downloading github.com/stretchr/testify v1.7.0
go: downloading go.uber.org/goleak v1.1.11-0.20210813005559-691160354723
go: downloading gopkg.in/yaml.v2 v2.2.8
go: downloading github.com/davecgh/go-spew v1.1.1
go: downloading github.com/pmezard/go-difflib v1.0.0
go: downloading gopkg.in/yaml.v3 v3.0.0-20210107192922-496545a6307b
go: added go.uber.org/atomic v1.7.0
go: added go.uber.org/multierr v1.6.0
go: added go.uber.org/zap v1.19.1
[bent-download] end benchmark=uber_zap status=0 duration_ms=1781

[bent-download] start benchmark=gorm_schema cwd=/home/runner/work/benchmarks/benchmarks/.ci/bent-run/build/gorm_schema command=/opt/hostedtoolcache/go/1.26.2/x64/bin/go get -d -t -v gorm.io/gorm/schema@v1.31.2 
go: -d flag is deprecated. -d=true is a no-op
go: downloading gorm.io/gorm v1.31.2
go: downloading github.com/jinzhu/inflection v1.0.0
go: downloading github.com/jinzhu/now v1.1.5
go: downloading golang.org/x/text v0.20.0
go: added github.com/jinzhu/inflection v1.0.0
go: added github.com/jinzhu/now v1.1.5
go: added golang.org/x/text v0.20.0
go: added gorm.io/gorm v1.31.2
[bent-download] end benchmark=gorm_schema status=0 duration_ms=1669

[bent-download] start benchmark=XGo cwd=/home/runner/work/benchmarks/benchmarks/.ci/bent-run/build/XGo command=/opt/hostedtoolcache/go/1.26.2/x64/bin/go get -d -t -v github.com/goplus/xgo/cl@v1.7.5 
go: -d flag is deprecated. -d=true is a no-op
go: downloading github.com/goplus/xgo v1.7.5
go: accepting indirect upgrade from go@1.22 to 1.24.0
go: downloading github.com/goplus/gogen v1.23.5
go: downloading github.com/goplus/mod v0.21.1
go: downloading github.com/qiniu/x v1.18.0
go: downloading golang.org/x/mod v0.20.0
go: downloading github.com/goccy/go-yaml v1.19.2
go: upgraded go 1.22 => 1.24.0
go: added github.com/goplus/gogen v1.23.5
go: added github.com/goplus/mod v0.21.1
go: added github.com/goplus/xgo v1.7.5
go: added github.com/qiniu/x v1.18.0
go: added golang.org/x/mod v0.20.0
[bent-download] end benchmark=XGo status=0 duration_ms=1737

[bent-download] start benchmark=iXGo cwd=/home/runner/work/benchmarks/benchmarks/.ci/bent-run/build/iXGo command=/opt/hostedtoolcache/go/1.26.2/x64/bin/go get -d -t -v github.com/goplus/ixgo@v1.1.1 
go: -d flag is deprecated. -d=true is a no-op
go: downloading github.com/goplus/ixgo v1.1.1
go: accepting indirect upgrade from go@1.22 to 1.24.0
go: downloading github.com/visualfc/gid v0.3.1
go: downloading github.com/visualfc/xtype v0.3.2
go: downloading github.com/visualfc/funcval v0.1.5
go: downloading github.com/goplus/reflectx v1.7.2
go: downloading golang.org/x/tools v0.41.0
go: downloading github.com/timandy/routine v1.1.6
go: downloading golang.org/x/mod v0.32.0
go: downloading github.com/visualfc/goembed v0.3.4
go: upgraded go 1.22 => 1.24.0
go: added github.com/goplus/ixgo v1.1.1
go: added github.com/goplus/reflectx v1.7.2
go: added github.com/timandy/routine v1.1.6
go: added github.com/visualfc/funcval v0.1.5
go: added github.com/visualfc/gid v0.3.1
go: added github.com/visualfc/xtype v0.3.2
go: added golang.org/x/mod v0.32.0
go: added golang.org/x/tools v0.41.0
[bent-download] end benchmark=iXGo status=0 duration_ms=2170
